// Jest Snapshot v1, https://goo.gl/fbAQLP

exports[`笔刷类型不要改变 1`] = `
Object {
  "circle": "circle",
  "curve": "curve",
  "line": "line",
  "oCircle": "oCircle",
  "oRect": "oRect",
  "rect": "rect",
  "select": "select",
}
`;

exports[`配置文件变动 1`] = `
Object {
  "circle": "circle",
  "curve": "curve",
  "line": "line",
  "oCircle": "oCircle",
  "oRect": "oRect",
  "rect": "rect",
  "select": "select",
}
`;
